// Jest Snapshot v1, https://goo.gl/fbAQLP

exports[`NotFoundScreen component should properly render the default value state 1`] = `
.c0 {
  height: calc(100vh - 64px);
  display: -webkit-box;
  display: -webkit-flex;
  display: -ms-flexbox;
  display: flex;
  -webkit-flex-direction: column;
  -ms-flex-direction: column;
  flex-direction: column;
  -webkit-align-items: center;
  -webkit-box-align: center;
  -ms-flex-align: center;
  align-items: center;
  -webkit-box-pack: center;
  -webkit-justify-content: center;
  -ms-flex-pack: center;
  justify-content: center;
}

.c0 h1 {
  font-weight: 500;
  font-size: 36px;
  line-height: 30px;
  margin-bottom: 25px;
  margin-top: 35px;
}

.c0 h6 {
  font-weight: normal;
  font-size: 18px;
  line-height: 26px;
  margin-top: 0;
  margin-bottom: 45px;
}

.c0 a {
  width: 202px;
  border: 1px solid #000000;
  box-sizing: border-box;
  color: #000000;
  -webkit-text-decoration: none;
  text-decoration: none;
  text-align: center;
  line-height: 50px;
  font-weight: 500;
  font-size: 14px;
  -webkit-letter-spacing: 0.05em;
  -moz-letter-spacing: 0.05em;
  -ms-letter-spacing: 0.05em;
  letter-spacing: 0.05em;
  text-transform: uppercase;
}

.c0 a:hover {
  cursor: pointer;
  box-shadow: 0px 4px 20px rgba(0,0,0,0.3);
}

<body>
  <div>
    <div
      class="c0"
    >
      <div />
      <h1
        data-testid="title"
      >
        Page Not Found
      </h1>
      <h6
        data-testid="subtitle"
      >
        The page is missing or you assembled the link incorrectly
      </h6>
      <a
        data-testid="back"
        href="/"
      >
        Back to Home
      </a>
    </div>
  </div>
</body>
`;
