// Jest Snapshot v1, https://goo.gl/fbAQLP

exports[`Chart component Should match snapshot 1`] = `
.c9 {
  text-transform: uppercase;
  background-color: transparent;
  outline: none;
  border: none;
  display: -webkit-box;
  display: -webkit-flex;
  display: -ms-flexbox;
  display: flex;
  -webkit-box-pack: center;
  -webkit-justify-content: center;
  -ms-flex-pack: center;
  justify-content: center;
  -webkit-align-items: center;
  -webkit-box-align: center;
  -ms-flex-align: center;
  align-items: center;
  font-weight: 500;
  font-size: 12px;
  line-height: 25px;
  -webkit-letter-spacing: 1px;
  -moz-letter-spacing: 1px;
  -ms-letter-spacing: 1px;
  letter-spacing: 1px;
  cursor: pointer;
}

.c5 {
  width: 13px;
  height: 13px;
  border-radius: 100%;
  background-color: #27AE60;
  margin-right: 18px;
}

.c8 {
  width: 13px;
  height: 13px;
  border-radius: 100%;
  background-color: #BDBDBD;
  margin-right: 18px;
}

.c6 {
  font-weight: 500;
  font-size: 18px;
  -webkit-letter-spacing: 0.005em;
  -moz-letter-spacing: 0.005em;
  -ms-letter-spacing: 0.005em;
  letter-spacing: 0.005em;
}

.c7 {
  font-weight: 500;
  font-size: 12px;
  -webkit-letter-spacing: 0.005em;
  -moz-letter-spacing: 0.005em;
  -ms-letter-spacing: 0.005em;
  letter-spacing: 0.005em;
  color: #bdbdbd;
  margin: 0 4px;
}

.c2 {
  height: 2px;
  background-color: #f1f1f1;
  width: 100%;
  margin-top: 12px;
  margin-bottom: 32px;
  padding: 0;
  border: none;
}

.c4 {
  display: -webkit-box;
  display: -webkit-flex;
  display: -ms-flexbox;
  display: flex;
  -webkit-flex-direction: row;
  -ms-flex-direction: row;
  flex-direction: row;
  -webkit-box-pack: start;
  -webkit-justify-content: flex-start;
  -ms-flex-pack: start;
  justify-content: flex-start;
  -webkit-align-items: center;
  -webkit-box-align: center;
  -ms-flex-align: center;
  align-items: center;
}

.c4:not(:last-child) {
  margin-bottom: 16px;
}

.c0 {
  width: 90%;
  margin: auto;
}

.c3 {
  display: -webkit-box;
  display: -webkit-flex;
  display: -ms-flexbox;
  display: flex;
  -webkit-box-pack: justify;
  -webkit-justify-content: space-between;
  -ms-flex-pack: justify;
  justify-content: space-between;
  padding-right: 45px;
}

.c1 {
  border: 1px solid #f1f1f1;
  padding: 28px 0 28px 16px;
}

<body>
  <div>
    <div>
      <div
        class="c0"
      >
        <h1>
          Average price
        </h1>
        <div
          class="c1"
        >
          <div
            class="recharts-responsive-container"
            id="undefined"
            style="width: 100%; height: 300px;"
          >
            <div />
          </div>
          <div
            style="padding-left: 65px;"
          >
            <hr
              class="c2"
            />
            <div
              class="c3"
            >
              <div>
                <div
                  class="c4"
                >
                  <div
                    class="c5"
                    color="#27AE60"
                  />
                  <strong
                    class="c6"
                  >
                    Opus One, Napa Valley, USA
                  </strong>
                  <small
                    class="c7"
                  >
                    Price History
                    e
                  </small>
                </div>
                <div
                  class="c4"
                >
                  <div
                    class="c8"
                    color="#BDBDBD"
                  />
                  <strong
                    class="c6"
                  >
                    Bordeaux Blend Red, Napa Valle
                  </strong>
                  <small
                    class="c7"
                  >
                    Current wine
                  </small>
                </div>
              </div>
              <button
                class="c9"
                style="align-self: flex-end;"
              >
                <div
                  style="margin-right: 10px;"
                />
                 
                Hide bench mark
                k
              </button>
            </div>
          </div>
        </div>
      </div>
    </div>
  </div>
</body>
`;
